<?xml version="1.0" encoding="utf-8"?><testsuites><testsuite name="pytest" errors="0" failures="0" skipped="0" tests="7" time="1.355" timestamp="2025-08-17T11:01:41.928794" hostname="Nisheshs-MacBook-Pro.local"><testcase classname="tests.activities.test_speech_segmentation.TestSpeechSegmentation" name="test_vad_model_loading" time="0.002" /><testcase classname="tests.activities.test_speech_segmentation.TestSpeechSegmentation" name="test_vad_segmentation" time="0.005" /><testcase classname="tests.activities.test_speech_segmentation.TestSpeechSegmentation" name="test_segment_post_processing" time="0.001" /><testcase classname="tests.activities.test_speech_segmentation.TestSpeechSegmentation" name="test_quality_metrics_calculation" time="0.004" /><testcase classname="tests.activities.test_speech_segmentation.TestSpeechSegmentation" name="test_empty_segments_handling" time="0.001" /><testcase classname="tests.activities.test_speech_segmentation.TestSpeechSegmentation" name="test_segmentation_request_validation" time="0.001" /><testcase classname="tests.activities.test_speech_segmentation.TestSpeechSegmentationIntegration" name="test_full_segmentation_workflow_mock" time="0.011" /></testsuite></testsuites>